[2025-12-31T04:23:17.176035Z INFO antctl 827] Executing cmd: Some(Start { connection_timeout: 300, interval: None, peer_id: [], service_name: [] })
[2025-12-31T04:23:17.176108Z DEBUG ant_node_manager::config 40] Running as non-root
[2025-12-31T04:23:17.176126Z DEBUG ant_node_manager::config 42] antctl path: "/Users/dawn/Library/Application Support/autonomi/node"
[2025-12-31T04:23:17.176136Z DEBUG ant_node_manager::config 92] Node registry path: "/Users/dawn/Library/Application Support/autonomi/node/node_registry.json"
[2025-12-31T04:23:17.176172Z DEBUG ant_service_management::registry 192] Loading node registry from /Users/dawn/Library/Application Support/autonomi/node/node_registry.json
[2025-12-31T04:23:17.176696Z INFO ant_node_manager::cmd::node 307] Starting antnode services for: [], []
[2025-12-31T04:23:17.176711Z INFO ant_node_manager 583] Refreshing the node registry
[2025-12-31T04:23:17.176814Z DEBUG ant_node_manager 632] Using two-tier approach to attempt to find PID for antnode1
[2025-12-31T04:23:17.176842Z DEBUG ant_node_manager 528] Tier 1 verification has failed. Now attempting to use tier 2 approach...
[2025-12-31T04:23:17.176849Z DEBUG ant_node_manager 529] Tier 2: using path-based detection for antnode1
[2025-12-31T04:23:17.176882Z DEBUG ant_service_management::control 241] Searching for process with binary at /Users/dawn/Library/Application Support/autonomi/node/antnode1/antnode
[2025-12-31T04:23:17.211601Z ERROR ant_service_management::control 271] No process was located with a path at /Users/dawn/Library/Application Support/autonomi/node/antnode1/antnode
[2025-12-31T04:23:17.211920Z DEBUG ant_node_manager 543] antnode1 has not been started since it was installed
[2025-12-31T04:23:17.211956Z INFO ant_node_manager 680] Node registry refresh complete!
[2025-12-31T04:23:17.211986Z INFO ant_node_manager 81] Starting the antnode1 service
[2025-12-31T04:23:17.212007Z DEBUG ant_service_management::control 394] Starting service: antnode1
[2025-12-31T04:23:20.248109Z DEBUG ant_service_management::control 241] Searching for process with binary at /Users/dawn/Library/Application Support/autonomi/node/antnode1/antnode
[2025-12-31T04:23:20.282263Z DEBUG ant_node_manager 120] Service process started for antnode1 with PID 23585
[2025-12-31T04:23:20.282295Z DEBUG ant_service_management::node 183] Performing full refresh for antnode1
[2025-12-31T04:23:20.282308Z DEBUG ant_service_management::node 185] Performing dynamic startup delay for antnode1
[2025-12-31T04:23:20.282324Z DEBUG ant_service_management::rpc 238] Attempting connection to node RPC endpoint at https://127.0.0.1:55227...
[2025-12-31T04:23:20.282684Z DEBUG ant_service_management::rpc 243] Connection to RPC successful
[2025-12-31T04:23:20.283375Z DEBUG ant_service_management::rpc 96] Attempting connection to node RPC endpoint at https://127.0.0.1:55227...
[2025-12-31T04:23:20.283558Z DEBUG ant_service_management::rpc 102] Connection successful
[2025-12-31T04:23:20.283765Z DEBUG ant_service_management::rpc 96] Attempting connection to node RPC endpoint at https://127.0.0.1:55227...
[2025-12-31T04:23:20.283896Z DEBUG ant_service_management::rpc 102] Connection successful
[2025-12-31T04:23:20.284141Z DEBUG ant_service_management::node 215] Found antnode port for antnode1: 55553
[2025-12-31T04:23:20.284161Z DEBUG ant_service_management::control 318] Extracting version from process with PID 23585
[2025-12-31T04:23:20.309705Z DEBUG ant_service_management::control 324] Found exe path for PID 23585: /Users/dawn/Library/Application Support/autonomi/node/antnode1/antnode
[2025-12-31T04:23:20.317029Z DEBUG ant_service_management::control 345] Successfully extracted version '0.4.11' from PID 23585
[2025-12-31T04:23:20.317372Z DEBUG ant_service_management::node 251] Extracted version '0.4.11' from PID 23585 for antnode1
[2025-12-31T04:23:20.317388Z INFO ant_node_manager 128] Service antnode1 has been started successfully
[2025-12-31T04:23:20.317441Z DEBUG ant_node_manager::cmd::node 356] Started service antnode1 in ()
[2025-12-31T04:23:20.317461Z DEBUG ant_service_management::registry 161] Saving node registry to /Users/dawn/Library/Application Support/autonomi/node/node_registry.json
