[2025-12-31T04:09:09.654660Z INFO antctl 827] Executing cmd: Some(Add { alpha: false, auto_restart: false, auto_set_nat_flags: false, count: Some(1), data_dir_path: None, enable_metrics_server: false, env_variables: None, evm_network: EvmArbitrumOne, relay: true, log_dir_path: None, log_format: None, max_log_files: None, max_archived_log_files: None, metrics_port: Some(Single(13553)), network_id: None, node_ip: None, node_port: Some(Single(55553)), path: None, peers: InitialPeersConfig { first: false, addrs: [], network_contacts_url: [], local: false, ignore_cache: false, bootstrap_cache_dir: None }, rewards_address: 0xe6cf9179cb1f36a343be609709e91651b4771f69, rpc_address: None, rpc_port: None, no_upnp: true, url: None, user: None, version: None, write_older_cache_files: false })
[2025-12-31T04:09:09.654776Z DEBUG ant_node_manager::config 40] Running as non-root
[2025-12-31T04:09:09.654801Z DEBUG ant_node_manager::config 42] antctl path: "/Users/dawn/Library/Application Support/autonomi/node"
[2025-12-31T04:09:09.654816Z DEBUG ant_node_manager::config 92] Node registry path: "/Users/dawn/Library/Application Support/autonomi/node/node_registry.json"
[2025-12-31T04:09:09.654863Z DEBUG ant_service_management::registry 183] Loading default node registry as "/Users/dawn/Library/Application Support/autonomi/node/node_registry.json" does not exist
[2025-12-31T04:09:09.654969Z DEBUG ant_node_manager::config 131] Using user mode service data dir: "/Users/dawn/Library/Application Support/autonomi/node"
[2025-12-31T04:09:09.654981Z DEBUG ant_node_manager::config 201] Using user mode service log dir: "/Users/dawn/Library/Application Support/autonomi/node"
[2025-12-31T04:09:09.654999Z DEBUG ant_node_manager::helpers 137] Downloading and extracting release for antnode, url: None, version: None
[2025-12-31T04:09:09.655064Z DEBUG ant_node_manager::config 40] Running as non-root
[2025-12-31T04:09:09.655075Z DEBUG ant_node_manager::config 42] antctl path: "/Users/dawn/Library/Application Support/autonomi/node"
[2025-12-31T04:09:09.655102Z DEBUG ant_node_manager::helpers 170] Download directory: "/Users/dawn/Library/Application Support/autonomi/node/downloads"
[2025-12-31T04:09:10.032800Z INFO ant_node_manager::helpers 219] Downloading latest version from S3: 0.4.11
[2025-12-31T04:09:10.184781Z INFO ant_node_manager::helpers 235] Using cached antnode version 0.4.11...
[2025-12-31T04:09:10.184809Z INFO ant_node_manager::helpers 293] Download completed: "/Users/dawn/Library/Application Support/autonomi/node/downloads/antnode"
[2025-12-31T04:09:10.184825Z DEBUG ant_node_manager::helpers 308] Obtaining version of binary "/Users/dawn/Library/Application Support/autonomi/node/downloads/antnode"
[2025-12-31T04:09:10.590343Z DEBUG ant_node_manager::helpers 346] Obtained version of binary: 0.4.11
[2025-12-31T04:09:10.590447Z DEBUG ant_node_manager::cmd::node 119] Parsing peers from PeersArgs
[2025-12-31T04:09:10.590462Z INFO ant_node_manager::cmd::node 156] Adding node service(s)
[2025-12-31T04:09:10.590544Z DEBUG ant_node_manager::add_services 159] Creating data_dir and log_dirs without user
[2025-12-31T04:09:10.590733Z DEBUG ant_node_manager::add_services 164] Copying antnode binary to "/Users/dawn/Library/Application Support/autonomi/node/antnode1/antnode"
[2025-12-31T04:09:10.590891Z DEBUG ant_service_management::control 379] Installing service: ServiceInstallCtx { label: ServiceLabel { qualifier: None, organization: None, application: "antnode1" }, program: "/Users/dawn/Library/Application Support/autonomi/node/antnode1/antnode", args: ["--rpc", "127.0.0.1:55227", "--root-dir", "/Users/dawn/Library/Application Support/autonomi/node/antnode1", "--log-output-dest", "/Users/dawn/Library/Application Support/autonomi/node/antnode1/logs", "--relay", "--no-upnp", "--port", "55553", "--metrics-server-port", "13553", "--rewards-address", "0xE6CF9179cB1f36A343Be609709E91651b4771f69", "--stop-on-upgrade", "evm-arbitrum-one"], contents: None, username: None, working_directory: None, environment: None, autostart: false, restart_policy: OnSuccess { delay_secs: None } }
[2025-12-31T04:09:10.620416Z INFO ant_node_manager::add_services 230] Successfully added service antnode1
[2025-12-31T04:09:10.620454Z DEBUG ant_service_management::registry 161] Saving node registry to /Users/dawn/Library/Application Support/autonomi/node/node_registry.json
[2025-12-31T04:09:10.620713Z DEBUG ant_node_manager::add_services 291] Deleting antnode binary file
[2025-12-31T04:09:10.621774Z INFO ant_node_manager::add_services 296] Added 1 services
[2025-12-31T04:09:10.621849Z DEBUG ant_service_management::registry 161] Saving node registry to /Users/dawn/Library/Application Support/autonomi/node/node_registry.json
[2025-12-31T04:09:10.621971Z DEBUG ant_node_manager::cmd::node 161] Node registry saved
