[2025-12-29T02:04:18.624017Z INFO antctl 827] Executing cmd: Some(Status { details: false, fail: false, json: true })
[2025-12-29T02:04:18.624098Z DEBUG ant_node_manager::config 40] Running as non-root
[2025-12-29T02:04:18.624118Z DEBUG ant_node_manager::config 42] antctl path: "/Users/dawn/Library/Application Support/autonomi/node"
[2025-12-29T02:04:18.624132Z DEBUG ant_node_manager::config 92] Node registry path: "/Users/dawn/Library/Application Support/autonomi/node/node_registry.json"
[2025-12-29T02:04:18.624187Z DEBUG ant_service_management::registry 192] Loading node registry from /Users/dawn/Library/Application Support/autonomi/node/node_registry.json
[2025-12-29T02:04:18.624487Z INFO ant_node_manager 583] Refreshing the node registry
[2025-12-29T02:04:18.624564Z DEBUG ant_node_manager 632] Using two-tier approach to attempt to find PID for antnode1
[2025-12-29T02:04:18.624578Z DEBUG ant_node_manager 634] Tier 1: attempting to verify stored PID 29687 for antnode1
[2025-12-29T02:04:18.624589Z DEBUG ant_service_management::control 281] Verifying process with PID 29687, expected name: antnode
[2025-12-29T02:04:18.624724Z DEBUG ant_service_management::control 304] Process 29687 name: 'antnode' (normalized: 'antnode'), expected: 'antnode', match: true
[2025-12-29T02:04:18.624754Z DEBUG ant_node_manager 637] antnode1 verified via stored PID 29687
[2025-12-29T02:04:18.624771Z DEBUG ant_service_management::node 235] Performing partial refresh for antnode1
[2025-12-29T02:04:18.624778Z DEBUG ant_service_management::node 239] Previously assigned data will be used
[2025-12-29T02:04:18.624789Z DEBUG ant_service_management::control 318] Extracting version from process with PID 29687
[2025-12-29T02:04:18.649919Z DEBUG ant_service_management::control 324] Found exe path for PID 29687: /Users/dawn/Library/Application Support/autonomi/node/antnode1/antnode
[2025-12-29T02:04:18.710629Z DEBUG ant_service_management::control 345] Successfully extracted version '0.4.11' from PID 29687
[2025-12-29T02:04:18.711400Z DEBUG ant_service_management::node 251] Extracted version '0.4.11' from PID 29687 for antnode1
[2025-12-29T02:04:18.711464Z INFO ant_node_manager 680] Node registry refresh complete!
{
  "nodes": [
    {
      "alpha": false,
      "schema_version": 2,
      "antnode_path": "/Users/dawn/Library/Application Support/autonomi/node/antnode1/antnode",
      "auto_restart": false,
      "connected_peers": [
        "12D3KooWAgUUTgfmE1yfDRrLGsXszoVi4eRthZN55DBudZMdAaCn",
        "12D3KooWJaGRKroNZAmqefaHPzN5typbHknwMFHSnCPxwmrsZLWX"
      ],
      "data_dir_path": "/Users/dawn/Library/Application Support/autonomi/node/antnode1",
      "evm_network": "ArbitrumOne",
      "initial_peers_config": {
        "first": false,
        "addrs": [],
        "network_contacts_url": [],
        "local": false,
        "ignore_cache": false,
        "bootstrap_cache_dir": null
      },
      "listen_addr": [
        "/ip4/78.46.99.83/udp/28018/quic-v1/p2p/12D3KooWAgUUTgfmE1yfDRrLGsXszoVi4eRthZN55DBudZMdAaCn/p2p-circuit/p2p/12D3KooWEvghBcnZtZoi6wq7hkxeGj5kaPTxnnvPCuf76diQeYcZ/p2p/12D3KooWEvghBcnZtZoi6wq7hkxeGj5kaPTxnnvPCuf76diQeYcZ",
        "/ip4/127.0.0.1/udp/55553/quic-v1/p2p/12D3KooWEvghBcnZtZoi6wq7hkxeGj5kaPTxnnvPCuf76diQeYcZ",
        "/ip4/192.168.1.16/udp/55553/quic-v1/p2p/12D3KooWEvghBcnZtZoi6wq7hkxeGj5kaPTxnnvPCuf76diQeYcZ",
        "/ip4/10.211.55.2/udp/55553/quic-v1/p2p/12D3KooWEvghBcnZtZoi6wq7hkxeGj5kaPTxnnvPCuf76diQeYcZ",
        "/ip4/10.37.129.2/udp/55553/quic-v1/p2p/12D3KooWEvghBcnZtZoi6wq7hkxeGj5kaPTxnnvPCuf76diQeYcZ",
        "/ip4/148.251.23.215/udp/49185/quic-v1/p2p/12D3KooWJaGRKroNZAmqefaHPzN5typbHknwMFHSnCPxwmrsZLWX/p2p-circuit/p2p/12D3KooWEvghBcnZtZoi6wq7hkxeGj5kaPTxnnvPCuf76diQeYcZ/p2p/12D3KooWEvghBcnZtZoi6wq7hkxeGj5kaPTxnnvPCuf76diQeYcZ"
      ],
      "log_dir_path": "/Users/dawn/Library/Application Support/autonomi/node/antnode1/logs",
      "log_format": null,
      "max_archived_log_files": null,
      "max_log_files": null,
      "metrics_port": 13553,
      "network_id": null,
      "node_ip": null,
      "node_port": 28018,
      "no_upnp": true,
      "number": 1,
      "peer_id": "12D3KooWEvghBcnZtZoi6wq7hkxeGj5kaPTxnnvPCuf76diQeYcZ",
      "pid": 29687,
      "relay": true,
      "rewards_address": "0xe6cf9179cb1f36a343be609709e91651b4771f69",
      "reward_balance": null,
      "rpc_socket_addr": "127.0.0.1:50216",
      "service_name": "antnode1",
      "status": "Running",
      "user": null,
      "user_mode": true,
      "version": "0.4.11",
      "write_older_cache_files": false
    }
  ],
  "daemon": null
}
[2025-12-29T02:04:18.711696Z DEBUG ant_service_management::registry 161] Saving node registry to /Users/dawn/Library/Application Support/autonomi/node/node_registry.json
