{
  "nodes": [
    {
      "alpha": false,
      "schema_version": 2,
      "antnode_path": "/Users/dawn/Library/Application Support/autonomi/node/antnode1/antnode",
      "auto_restart": false,
      "connected_peers": [
        "12D3KooWBp6haGwX2LoTtcWhyR1EF7WFxyFchKoKg2E27kkFgBjQ",
        "12D3KooWHaSyXchBGquu4sd23CWv8nmhdKqAhXsjD8sPtEDumLCx",
        "12D3KooWHKuA1ZsrLj2eLio1M4YEGfUyTtPsvyb1iPaoYBuuMvH7",
        "12D3KooWRnPPseQc8ocxJ6WVsi4srHLw1dh9z4sRKUqpXHsGn6kE",
        "12D3KooWHSNbhpCL282gWC3UhEcSPb488fTHuC2ev7WzmfjD6bqA",
        "12D3KooWCxaTQCFD63itZdsXXJeCZyq7PFd1QJhARNTda673PbcV",
        "12D3KooWC5ETHHiDCQo795ZEDxdLpSKzLkpaWJhAWHmw1EzoPYas",
        "12D3KooWSMX9wTPwDkM1vpMdxabZ4cVD4aaVdV8NNK68tJfrZpU9",
        "12D3KooWGL6YuWtRgDxHcVSeyTDHxVJx8FtaUUpJ3nE4ANgtuNfb",
        "12D3KooWH4sCQzDnAQUiEXmCGZaf41FT4yeT8kQXmjUUy4DKCxxz",
        "12D3KooWSi8ifW4TLDQfCbQHjMN1HsJ7AaTCaUkiAj3AdXwhr8ws",
        "12D3KooWAmTJWmCP4NWz4Ge5cyJG8r94i55LVEPTFU6q5XRUJbuv",
        "12D3KooWHZA63jhPtySKMv2GMFhGXNSdx5MAe6yju6NyhngbtyZi",
        "12D3KooWGsrSGR2BgKaQdM6ANz8Sh32AR199vZGQtJgFrkTyJAqH",
        "12D3KooWRCBtakYKEtgfTHaZBUZZ5xdFbTiF7YHTZ3mNo2ofKcdS",
        "12D3KooWMrojgGzWc3WuyB73K6hZYzaxfZoXcBDKhi6tpbsSZtZ8",
        "12D3KooWEbV4qsQicpLnnR3pTXLoURqUvt15R6p6gqX96DA5iYxR",
        "12D3KooWDCtfwDQWHqdFTPUXUJeYUzyr4YTz4FqwGwbaqQQ8bzNT",
        "12D3KooWFov5YMuydDHeFXr9B8ZNTikdhtFMAmYTkf2h4tkZAXDN",
        "12D3KooWAGX9vYiaHL1HJpmTbBsfRfoBWVTTRiP62C5rEJeRvisp",
        "12D3KooWM87jZXN9B2cvWqnoLcZgAnfNgo16kZQaCZ9R2yTJfm4r",
        "12D3KooWAL2cPmC8ScLLGL6uuHBHLUK35ypRHEyk3yZuMnWakmgn",
        "12D3KooWQsZqTeUZhypmRz4CSCkQvTQXshYTi9bCcdrEQ5aE7RCi",
        "12D3KooWCDrMEgyiKq2MH8TviVtDVCCrDQwsVyRS4jjWP3V1UAUZ",
        "12D3KooWCTwCoBgmDk7TzmD9TyhHEzWGPTt24HuPycv5Ycn8i6Zv",
        "12D3KooWEV8WgDg7GZkQy7n3W27iKc79dVfWnuVHQyLuGTznB98u",
        "12D3KooWRMKqAyAzdsss6TbEvqv3RCcVQ6LMGsSRzHQR6DgGUTf9",
        "12D3KooWGouAs9xMAQ5hoWUM5aR4yMyXwbr3ZcAcn3JJtmocFPru",
        "12D3KooWQGi1uXXizsuqA6zv7cqGjgukVyRxqXhJLyV4NYH8avaK",
        "12D3KooWAETTQENkzoxpqvgbwr6gB9Xu3SEw9PTm8zPPXD9G1GCf",
        "12D3KooWHeUWDcaiC2CndoQiGBJDcdgSSSdCFihnWPPkNfZHxguX",
        "12D3KooWR6v6SYFvXeL3mU8D4jKDYn9WAxpEkdSt5pAY9dukjW8T",
        "12D3KooWAkvYRwFzfW6JXqhQKko36tMEgfyiiVghUmmoXieXomoc",
        "12D3KooWEhz65PN9ayMf6vNS2FSxnRrXCzFXfYGYUHSQoYDFgdzn",
        "12D3KooWCXUAiHZ45P9c5EwK5JBtPzS1pTQj6qTqZNC1NchsZPTF",
        "12D3KooWPoSMw5NcdzgavTV2hoy9aSMUs2sypZDhgzLd44Aocx9J",
        "12D3KooWDW8nLKR7ioiusAp3ACpPPN4kEioGB9E28xi1mTdRknj5",
        "12D3KooWSy8txVL7QfjMRbs2eV8nHE7wynBz4v1Ng9DtHmaS3vuY",
        "12D3KooWEeZYR86b3BoHaPK1KPPBPyuZLH3UrpPtG3tJYd74yvZA",
        "12D3KooWKAbbePVWdhwTjQPsiEKhm8Ld4cxuTh3xj5YhKD23wZUo",
        "12D3KooWJC9xJD7yf74eJxGwcUN9iLEHE3JTSWdrNZhoo69eNygo",
        "12D3KooWBBdEK8e5BGxhFVYyzuXC3jndqynMGjkrWMQUtoQrWHU1",
        "12D3KooWEWwjCitsgcrpvLpyLZ9bHutYqVsumzn8gbG2VVgF8tJd",
        "12D3KooWCsGmDJrBwaCcaoPjSChAgcquxUbeTNDWHp37XpSdYnMU",
        "12D3KooWRN3UPHx4kwHkKFCx2BpFQkijV6rkDr8WMNDkBfs1PVK3",
        "12D3KooWS1sB96XrpH1SCXP2FLmi6ou2qMyjuzGZZMYKJUUWaA77",
        "12D3KooWPs9HYmSSGqZzLZKkE5WyNKG9i9NYLCtQjQrGxYTAAitq",
        "12D3KooWDvLnK2BVgFcy9umY6mGH22apoEDX6hnPTxySXvH2Ebiv",
        "12D3KooWAA6dHRach8vYKg4yKicJzWMgzSHMCJwCXR2Bx4jAWYUL",
        "12D3KooWA83DqJVtjf2DQzUwj48f6SoW7wS6oXVXWAWeqFApjTUB",
        "12D3KooWL3aCkvkwQqmvZ4PnXWiRpzij32BPFP11FrFwobxpXdZQ",
        "12D3KooWRZPXsd9AtdB4n9YbYYYMBhFbh7MeGUoFhRzPhXNn5v5o",
        "12D3KooWBUSQYSMKKnugM1mDXFgYBxzrVSnyCiAeBPvxYR88ti3F"
      ],
      "data_dir_path": "/Users/dawn/Library/Application Support/autonomi/node/antnode1",
      "evm_network": "ArbitrumOne",
      "initial_peers_config": {
        "first": false,
        "addrs": [],
        "network_contacts_url": [],
        "local": false,
        "ignore_cache": false,
        "bootstrap_cache_dir": null
      },
      "listen_addr": [
        "/ip4/45.92.29.59/udp/17991/quic-v1/p2p/12D3KooWSi8ifW4TLDQfCbQHjMN1HsJ7AaTCaUkiAj3AdXwhr8ws/p2p-circuit/p2p/12D3KooWE29n9visauJiCQo8Rq7i4LZzqYtfSGsPUJjxfgTZcxJj/p2p/12D3KooWE29n9visauJiCQo8Rq7i4LZzqYtfSGsPUJjxfgTZcxJj",
        "/ip4/127.0.0.1/udp/55553/quic-v1/p2p/12D3KooWE29n9visauJiCQo8Rq7i4LZzqYtfSGsPUJjxfgTZcxJj",
        "/ip4/192.168.1.16/udp/55553/quic-v1/p2p/12D3KooWE29n9visauJiCQo8Rq7i4LZzqYtfSGsPUJjxfgTZcxJj",
        "/ip4/10.211.55.2/udp/55553/quic-v1/p2p/12D3KooWE29n9visauJiCQo8Rq7i4LZzqYtfSGsPUJjxfgTZcxJj",
        "/ip4/10.37.129.2/udp/55553/quic-v1/p2p/12D3KooWE29n9visauJiCQo8Rq7i4LZzqYtfSGsPUJjxfgTZcxJj"
      ],
      "log_dir_path": "/Users/dawn/Library/Application Support/autonomi/node/antnode1/logs",
      "log_format": null,
      "max_archived_log_files": null,
      "max_log_files": null,
      "metrics_port": 13553,
      "network_id": null,
      "node_ip": null,
      "node_port": 17991,
      "no_upnp": true,
      "number": 1,
      "peer_id": "12D3KooWE29n9visauJiCQo8Rq7i4LZzqYtfSGsPUJjxfgTZcxJj",
      "pid": 23585,
      "relay": true,
      "rewards_address": "0xe6cf9179cb1f36a343be609709e91651b4771f69",
      "reward_balance": null,
      "rpc_socket_addr": "127.0.0.1:55227",
      "service_name": "antnode1",
      "status": "Running",
      "user": null,
      "user_mode": true,
      "version": "0.4.11",
      "write_older_cache_files": false
    }
  ],
  "daemon": null
}
