[2025-12-31T07:13:40.465812Z INFO antctl 827] Executing cmd: Some(Stop { interval: None, peer_id: [], service_name: [] })
[2025-12-31T07:13:40.465941Z DEBUG ant_node_manager::config 40] Running as non-root
[2025-12-31T07:13:40.465963Z DEBUG ant_node_manager::config 42] antctl path: "/Users/dawn/Library/Application Support/autonomi/node"
[2025-12-31T07:13:40.465980Z DEBUG ant_node_manager::config 92] Node registry path: "/Users/dawn/Library/Application Support/autonomi/node/node_registry.json"
[2025-12-31T07:13:40.466027Z DEBUG ant_service_management::registry 192] Loading node registry from /Users/dawn/Library/Application Support/autonomi/node/node_registry.json
[2025-12-31T07:13:40.466452Z INFO ant_node_manager::cmd::node 404] Stopping antnode services for: [], []
[2025-12-31T07:13:40.466467Z INFO ant_node_manager 583] Refreshing the node registry
[2025-12-31T07:13:40.466523Z DEBUG ant_node_manager 632] Using two-tier approach to attempt to find PID for antnode1
[2025-12-31T07:13:40.466535Z DEBUG ant_node_manager 634] Tier 1: attempting to verify stored PID 23585 for antnode1
[2025-12-31T07:13:40.466546Z DEBUG ant_service_management::control 281] Verifying process with PID 23585, expected name: antnode
[2025-12-31T07:13:40.466662Z DEBUG ant_service_management::control 304] Process 23585 name: 'antnode' (normalized: 'antnode'), expected: 'antnode', match: true
[2025-12-31T07:13:40.466687Z DEBUG ant_node_manager 637] antnode1 verified via stored PID 23585
[2025-12-31T07:13:40.466702Z DEBUG ant_service_management::node 183] Performing full refresh for antnode1
[2025-12-31T07:13:40.466715Z DEBUG ant_service_management::rpc 96] Attempting connection to node RPC endpoint at https://127.0.0.1:55227...
[2025-12-31T07:13:40.467101Z DEBUG ant_service_management::rpc 102] Connection successful
[2025-12-31T07:13:40.467621Z DEBUG ant_service_management::rpc 96] Attempting connection to node RPC endpoint at https://127.0.0.1:55227...
[2025-12-31T07:13:40.467817Z DEBUG ant_service_management::rpc 102] Connection successful
[2025-12-31T07:13:40.468153Z DEBUG ant_service_management::node 215] Found antnode port for antnode1: 15054
[2025-12-31T07:13:40.468178Z DEBUG ant_service_management::control 318] Extracting version from process with PID 23585
[2025-12-31T07:13:40.497499Z DEBUG ant_service_management::control 324] Found exe path for PID 23585: /Users/dawn/Library/Application Support/autonomi/node/antnode1/antnode
[2025-12-31T07:13:40.505249Z DEBUG ant_service_management::control 345] Successfully extracted version '0.4.11' from PID 23585
[2025-12-31T07:13:40.505590Z DEBUG ant_service_management::node 251] Extracted version '0.4.11' from PID 23585 for antnode1
[2025-12-31T07:13:40.505627Z INFO ant_node_manager 680] Node registry refresh complete!
[2025-12-31T07:13:40.505657Z INFO ant_node_manager 169] Stopping the antnode1 service
[2025-12-31T07:13:40.505670Z DEBUG ant_service_management::control 241] Searching for process with binary at /Users/dawn/Library/Application Support/autonomi/node/antnode1/antnode
[2025-12-31T07:13:40.532672Z DEBUG ant_service_management::control 410] Stopping service: antnode1
[2025-12-31T07:13:40.538531Z DEBUG ant_service_management::node 287] Marking antnode1 as stopped
[2025-12-31T07:13:40.538558Z INFO ant_node_manager 211] Service antnode1 has been stopped successfully.
[2025-12-31T07:13:40.538568Z DEBUG ant_node_manager::cmd::node 441] Stopped service antnode1
[2025-12-31T07:13:40.538586Z DEBUG ant_service_management::registry 161] Saving node registry to /Users/dawn/Library/Application Support/autonomi/node/node_registry.json
