[2025-12-31T04:24:17.347094Z INFO antctl 827] Executing cmd: Some(Status { details: false, fail: false, json: false })
[2025-12-31T04:24:17.347205Z DEBUG ant_node_manager::config 40] Running as non-root
[2025-12-31T04:24:17.347231Z DEBUG ant_node_manager::config 42] antctl path: "/Users/dawn/Library/Application Support/autonomi/node"
[2025-12-31T04:24:17.347247Z DEBUG ant_node_manager::config 92] Node registry path: "/Users/dawn/Library/Application Support/autonomi/node/node_registry.json"
[2025-12-31T04:24:17.347306Z DEBUG ant_service_management::registry 192] Loading node registry from /Users/dawn/Library/Application Support/autonomi/node/node_registry.json
[2025-12-31T04:24:17.347717Z INFO ant_node_manager 583] Refreshing the node registry
[2025-12-31T04:24:17.347787Z DEBUG ant_node_manager 632] Using two-tier approach to attempt to find PID for antnode1
[2025-12-31T04:24:17.347803Z DEBUG ant_node_manager 634] Tier 1: attempting to verify stored PID 23585 for antnode1
[2025-12-31T04:24:17.347816Z DEBUG ant_service_management::control 281] Verifying process with PID 23585, expected name: antnode
[2025-12-31T04:24:17.347970Z DEBUG ant_service_management::control 304] Process 23585 name: 'antnode' (normalized: 'antnode'), expected: 'antnode', match: true
[2025-12-31T04:24:17.348001Z DEBUG ant_node_manager 637] antnode1 verified via stored PID 23585
[2025-12-31T04:24:17.348020Z DEBUG ant_service_management::node 183] Performing full refresh for antnode1
[2025-12-31T04:24:17.348037Z DEBUG ant_service_management::rpc 96] Attempting connection to node RPC endpoint at https://127.0.0.1:55227...
[2025-12-31T04:24:17.348568Z DEBUG ant_service_management::rpc 102] Connection successful
[2025-12-31T04:24:17.349173Z DEBUG ant_service_management::rpc 96] Attempting connection to node RPC endpoint at https://127.0.0.1:55227...
[2025-12-31T04:24:17.349422Z DEBUG ant_service_management::rpc 102] Connection successful
[2025-12-31T04:24:17.349851Z DEBUG ant_service_management::node 215] Found antnode port for antnode1: 17991
[2025-12-31T04:24:17.349880Z DEBUG ant_service_management::control 318] Extracting version from process with PID 23585
[2025-12-31T04:24:17.379151Z DEBUG ant_service_management::control 324] Found exe path for PID 23585: /Users/dawn/Library/Application Support/autonomi/node/antnode1/antnode
[2025-12-31T04:24:17.441189Z DEBUG ant_service_management::control 345] Successfully extracted version '0.4.11' from PID 23585
[2025-12-31T04:24:17.441883Z DEBUG ant_service_management::node 251] Extracted version '0.4.11' from PID 23585 for antnode1
[2025-12-31T04:24:17.441961Z INFO ant_node_manager 680] Node registry refresh complete!
[2025-12-31T04:24:17.442093Z DEBUG ant_service_management::registry 161] Saving node registry to /Users/dawn/Library/Application Support/autonomi/node/node_registry.json
