[2025-12-31T07:14:20.592137Z INFO antctl 827] Executing cmd: Some(Remove { peer_id: [], service_name: ["antnode1"], keep_directories: false })
[2025-12-31T07:14:20.592247Z DEBUG ant_node_manager::config 40] Running as non-root
[2025-12-31T07:14:20.592273Z DEBUG ant_node_manager::config 42] antctl path: "/Users/dawn/Library/Application Support/autonomi/node"
[2025-12-31T07:14:20.592292Z DEBUG ant_node_manager::config 92] Node registry path: "/Users/dawn/Library/Application Support/autonomi/node/node_registry.json"
[2025-12-31T07:14:20.592349Z DEBUG ant_service_management::registry 192] Loading node registry from /Users/dawn/Library/Application Support/autonomi/node/node_registry.json
[2025-12-31T07:14:20.592727Z INFO ant_node_manager::cmd::node 212] Removing antnode services with keep_dirs=(false) for: [], ["antnode1"]
[2025-12-31T07:14:20.592746Z INFO ant_node_manager 583] Refreshing the node registry
[2025-12-31T07:14:20.592817Z DEBUG ant_node_manager 632] Using two-tier approach to attempt to find PID for antnode1
[2025-12-31T07:14:20.592836Z DEBUG ant_node_manager 528] Tier 1 verification has failed. Now attempting to use tier 2 approach...
[2025-12-31T07:14:20.592845Z DEBUG ant_node_manager 529] Tier 2: using path-based detection for antnode1
[2025-12-31T07:14:20.592860Z DEBUG ant_service_management::control 241] Searching for process with binary at /Users/dawn/Library/Application Support/autonomi/node/antnode1/antnode
[2025-12-31T07:14:20.624676Z ERROR ant_service_management::control 271] No process was located with a path at /Users/dawn/Library/Application Support/autonomi/node/antnode1/antnode
[2025-12-31T07:14:20.624975Z DEBUG ant_node_manager 551] Failed to detect process for antnode1; marking it stopped.
[2025-12-31T07:14:20.624991Z DEBUG ant_service_management::node 287] Marking antnode1 as stopped
[2025-12-31T07:14:20.625026Z INFO ant_node_manager 680] Node registry refresh complete!
[2025-12-31T07:14:20.625052Z INFO ant_node_manager 226] Removing the antnode1 service
[2025-12-31T07:14:20.625066Z DEBUG ant_service_management::control 427] Uninstalling service: antnode1
[2025-12-31T07:14:20.630887Z DEBUG ant_node_manager 253] Service antnode1 has been uninstalled
[2025-12-31T07:14:20.630905Z DEBUG ant_node_manager 281] Removing data and log directories for antnode1
[2025-12-31T07:14:20.630938Z DEBUG ant_node_manager 286] Removing data directory "/Users/dawn/Library/Application Support/autonomi/node/antnode1"
[2025-12-31T07:14:20.634697Z INFO ant_node_manager 297] Service antnode1 has been removed successfully.
[2025-12-31T07:14:20.634731Z DEBUG ant_node_manager::cmd::node 244] Removed service antnode1
[2025-12-31T07:14:20.634754Z DEBUG ant_service_management::registry 161] Saving node registry to /Users/dawn/Library/Application Support/autonomi/node/node_registry.json
